	****************************************************************************************************
				MPSXX::PROTOTYPE::DMRG::EXPECTATION 
	****************************************************************************************************
DEBUG :: L /  -7.1405279607985772
DEBUG :: R /  -7.1405279607985603
DEBUG :: L /  -0.0000021039894311
DEBUG :: R /  -0.0000021039894306
DEBUG :: L /   0.0000014894430158
DEBUG :: R /   0.0000014894430185
DEBUG :: L /  -0.0000016699654816
DEBUG :: R /  -0.0000016699654857
DEBUG :: L /  -0.0000021039894303
DEBUG :: R /  -0.0000021039894306
DEBUG :: L /  -6.7494443105717110
DEBUG :: R /  -6.7494443105716959
DEBUG :: L /  -0.0000050760563956
DEBUG :: R /  -0.0000050760563936
DEBUG :: L /  -0.0000041598259273
DEBUG :: R /  -0.0000041598259248
DEBUG :: L /   0.0000014894430187
DEBUG :: R /   0.0000014894430185
DEBUG :: L /  -0.0000050760563951
DEBUG :: R /  -0.0000050760563939
DEBUG :: L /  -6.5523310451422372
DEBUG :: R /  -6.5523310451422452
DEBUG :: L /  -0.0000136077759184
DEBUG :: R /  -0.0000136077759192
DEBUG :: L /  -0.0000016699654812
DEBUG :: R /  -0.0000016699654856
DEBUG :: L /  -0.0000041598259264
DEBUG :: R /  -0.0000041598259249
DEBUG :: L /  -0.0000136077759186
DEBUG :: R /  -0.0000136077759191
DEBUG :: L /  -6.3423006454367155
DEBUG :: R /  -6.3423006454367101
 -7.14052796 -0.00000210  0.00000149 -0.00000167
 -0.00000210 -6.74944431 -0.00000508 -0.00000416
  0.00000149 -0.00000508 -6.55233105 -0.00001361
 -0.00000167 -0.00000416 -0.00001361 -6.34230065

